// Vitest Snapshot v1, https://vitest.dev/guide/snapshot.html

exports[`generation > getOpenscadOptions 1`] = `
{
  "fileName": "",
  "generateMosaic": false,
  "mosaicOptions": {
    "debug": false,
    "geometry": {
      "border": 2,
      "height": 1024,
      "width": 1024,
    },
    "outputPath": "",
    "scadFileName": "",
    "tiles": {
      "height": 2,
      "width": 2,
    },
  },
  "onlyParameterSet": "",
  "openScadOptions": {
    "animOptions": {
      "animDelay": 50,
      "animate": 50,
      "animate_sharding": null,
      "autocenter": false,
      "camera": null,
      "colorscheme": "DeepOcean",
      "csglimit": null,
      "imgsize": {
        "height": 512,
        "width": 515,
      },
      "preview": null,
      "projection": null,
      "render": null,
      "view": null,
      "viewall": false,
    },
    "backend": "Manifold",
    "check_parameter_ranges": false,
    "check_parameters": false,
    "debug": null,
    "experimentalFeatures": {
      "import_function": true,
      "input_driver_dbus": false,
      "lazy_union": true,
      "predictible_output": true,
      "python_engine": false,
      "roof": true,
      "textmetrics": true,
      "vertex_object_renderers_indexing": true,
    },
    "hardwarnings": false,
    "imageOptions": {
      "autocenter": false,
      "camera": null,
      "colorscheme": "DeepOcean",
      "csglimit": null,
      "imgsize": {
        "height": 1024,
        "width": 1024,
      },
      "preview": null,
      "projection": null,
      "render": null,
      "view": null,
      "viewall": false,
    },
    "openScadExecutable": "openscad",
    "option3mf": {
      "add_meta_data": "true",
      "color": "",
      "color_mode": "model",
      "decimal_precision": "6",
      "material_type": "basematerial",
      "meta_data_copyright": "",
      "meta_data_description": "",
      "meta_data_designer": "",
      "meta_data_license_terms": "",
      "meta_data_rating": "",
      "meta_data_title": "",
      "unit": "millimeter",
    },
    "python_module": null,
    "quiet": false,
    "trust_python": false,
  },
  "outFormats": [
    "png",
    "webp",
    "3mf",
  ],
  "parallelJobs": 1,
}
`;
